// Jest Snapshot v1, https://goo.gl/fbAQLP

exports[`Given a component renderHeader Then should have onechild 1`] = `<renderHeader />`;
