// Jest Snapshot v1, https://goo.gl/fbAQLP

exports[`Given a component Login It should match the snapshot 1`] = `
<Provider
  store={
    Object {
      "clearActions": [Function],
      "dispatch": [Function],
      "getActions": [Function],
      "getState": [Function],
      "replaceReducer": [Function],
      "subscribe": [Function],
    }
  }
>
  <Memo(Connect(Register))
    navigation={
      Object {
        "goBack": [MockFunction],
        "navigate": [MockFunction],
      }
    }
  />
</Provider>
`;
