// Jest Snapshot v1, https://goo.gl/fbAQLP

exports[`Given a Tab component It should match the snapshot 1`] = `
<ForwardRef(NavigationContainer)>
  <Tab
    route={
      Object {
        "icon": "home",
        "onPress": [MockFunction],
      }
    }
  />
</ForwardRef(NavigationContainer)>
`;
